python3 24-cal-client-one2one.py -s i02 -p 13

python3 24-cal-client-one2one.py -s i12 -p 13


## COMPROBACIÓN EJERCICIO 24 CLIENTE

SERVER default = 2022


 sudo apt-get install -y bsdmainutils


## COMPROBACIÓN EJERCICIO 24 SERVIDOR


isx36579183@i11:~/Documents$ ss -ltn
State       Recv-Q      Send-Q           Local Address:Port            Peer Address:Port     Process     
LISTEN      0           4096                   0.0.0.0:33801                0.0.0.0:*                    
LISTEN      0           4096                   0.0.0.0:59115                0.0.0.0:*                    
LISTEN      0           4096                   0.0.0.0:111                  0.0.0.0:*                    
LISTEN      0           1                      0.0.0.0:50001                0.0.0.0:*                    
LISTEN      0           64                     0.0.0.0:35859                0.0.0.0:*                    
LISTEN      0           32               192.168.100.1:53                   0.0.0.0:*                    
LISTEN      0           128                    0.0.0.0:631                  0.0.0.0:*                    
LISTEN      0           244                  127.0.0.1:5432                 0.0.0.0:*                    
LISTEN      0           4096                   0.0.0.0:58715                0.0.0.0:*                    
LISTEN      0           64                     0.0.0.0:2049                 0.0.0.0:*                    
LISTEN      0           64                           *:7                          *:*                    
LISTEN      0           64                           *:13                         *:*                    
LISTEN      0           4096                      [::]:111                     [::]:*                    
LISTEN      0           511                          *:80                         *:*                    
LISTEN      0           4096                      [::]:45393                   [::]:*                    
LISTEN      0           4096                      [::]:42641                   [::]:*                    
LISTEN      0           64                           *:19                         *:*                    
LISTEN      0           4096                      [::]:35029                   [::]:*                    
LISTEN      0           128                       [::]:631                     [::]:*                    
LISTEN      0           244                      [::1]:5432                    [::]:*                    
LISTEN      0           64                        [::]:2049                    [::]:*                    
LISTEN      0           64                        [::]:43459                   [::]:*                    
isx36579183@i11:~/Documents$ 





isx36579183@i11:~/Documents$ telnet localhost 50001
Trying ::1...
Trying 127.0.0.1...
Connected to localhost.
Escape character is '^]'.
                            2019
      January               February               March          
Su Mo Tu We Th Fr Sa  Su Mo Tu We Th Fr Sa  Su Mo Tu We Th Fr Sa  
       1  2  3  4  5                  1  2                  1  2  
 6  7  8  9 10 11 12   3  4  5  6  7  8  9   3  4  5  6  7  8  9  
13 14 15 16 17 18 19  10 11 12 13 14 15 16  10 11 12 13 14 15 16  
20 21 22 23 24 25 26  17 18 19 20 21 22 23  17 18 19 20 21 22 23  
27 28 29 30 31        24 25 26 27 28        24 25 26 27 28 29 30  
                                            31                    

       April                  May                   June          
Su Mo Tu We Th Fr Sa  Su Mo Tu We Th Fr Sa  Su Mo Tu We Th Fr Sa  
    1  2  3  4  5  6            1  2  3  4                     1  
 7  8  9 10 11 12 13   5  6  7  8  9 10 11   2  3  4  5  6  7  8  
14 15 16 17 18 19 20  12 13 14 15 16 17 18   9 10 11 12 13 14 15  
21 22 23 24 25 26 27  19 20 21 22 23 24 25  16 17 18 19 20 21 22  
28 29 30              26 27 28 29 30 31     23 24 25 26 27 28 29  
                                            30                    

        July                 August              September        
Su Mo Tu We Th Fr Sa  Su Mo Tu We Th Fr Sa  Su Mo Tu We Th Fr Sa  
    1  2  3  4  5  6               1  2  3   1  2  3  4  5  6  7  
 7  8  9 10 11 12 13   4  5  6  7  8  9 10   8  9 10 11 12 13 14  
14 15 16 17 18 19 20  11 12 13 14 15 16 17  15 16 17 18 19 20 21  
21 22 23 24 25 26 27  18 19 20 21 22 23 24  22 23 24 25 26 27 28  
28 29 30 31           25 26 27 28 29 30 31  29 30                 
                                                                  

      October               November              December        
Su Mo Tu We Th Fr Sa  Su Mo Tu We Th Fr Sa  Su Mo Tu We Th Fr Sa  
       1  2  3  4  5                  1  2   1  2  3  4  5  6  7  
 6  7  8  9 10 11 12   3  4  5  6  7  8  9   8  9 10 11 12 13 14  
13 14 15 16 17 18 19  10 11 12 13 14 15 16  15 16 17 18 19 20 21  
20 21 22 23 24 25 26  17 18 19 20 21 22 23  22 23 24 25 26 27 28  
27 28 29 30 31        24 25 26 27 28 29 30  29 30 31              
                                                                  
Connection closed by foreign host.
isx36579183@i11:~/Documents$ 





isx36579183@i11:~/Documents$ ss -ln | grep 50001
tcp   LISTEN 0      1                                                           0.0.0.0:50001            0.0.0.0:*           
isx36579183@i11:~/Documents$ 





s.setsockopt(socket.SOL_SOCKET, socket.SO_REUSEADDR, 1) --> Reutilizar el SOCKET.




C
isx36579183@i11:~/Documents/ipc$ python3 24-cal-server-one2one-pissarra.py 
Engegat el server CAL: 9834
Traceback (most recent call last):
  File "/home/users/inf/hisx2/isx36579183/Documents/ipc/24-cal-server-one2one-pissarra.py", line 44, in <module>
    s.bind((HOST,PORT))
OSError: [Errno 98] Address already in use


kill -15 5171




1. Abrir el SERVIDOR.

2. Telnet

isx36579183@i11:~/Documents$ telnet localhost 50001
Trying ::1...
Trying 127.0.0.1...
Connected to localhost.
Escape character is '^]'.
                            2019
      January               February               March          
Su Mo Tu We Th Fr Sa  Su Mo Tu We Th Fr Sa  Su Mo Tu We Th Fr Sa  
       1  2  3  4  5                  1  2                  1  2  
 6  7  8  9 10 11 12   3  4  5  6  7  8  9   3  4  5  6  7  8  9  
13 14 15 16 17 18 19  10 11 12 13 14 15 16  10 11 12 13 14 15 16  
20 21 22 23 24 25 26  17 18 19 20 21 22 23  17 18 19 20 21 22 23  
27 28 29 30 31        24 25 26 27 28        24 25 26 27 28 29 30  
                                            31                    

       April                  May                   June          
Su Mo Tu We Th Fr Sa  Su Mo Tu We Th Fr Sa  Su Mo Tu We Th Fr Sa  
    1  2  3  4  5  6            1  2  3  4                     1  
 7  8  9 10 11 12 13   5  6  7  8  9 10 11   2  3  4  5  6  7  8  
14 15 16 17 18 19 20  12 13 14 15 16 17 18   9 10 11 12 13 14 15  
21 22 23 24 25 26 27  19 20 21 22 23 24 25  16 17 18 19 20 21 22  
28 29 30              26 27 28 29 30 31     23 24 25 26 27 28 29  
                                            30                    

        July                 August              September        
Su Mo Tu We Th Fr Sa  Su Mo Tu We Th Fr Sa  Su Mo Tu We Th Fr Sa  
    1  2  3  4  5  6               1  2  3   1  2  3  4  5  6  7  
 7  8  9 10 11 12 13   4  5  6  7  8  9 10   8  9 10 11 12 13 14  
14 15 16 17 18 19 20  11 12 13 14 15 16 17  15 16 17 18 19 20 21  
21 22 23 24 25 26 27  18 19 20 21 22 23 24  22 23 24 25 26 27 28  
28 29 30 31           25 26 27 28 29 30 31  29 30                 
                                                                  

      October               November              December        
Su Mo Tu We Th Fr Sa  Su Mo Tu We Th Fr Sa  Su Mo Tu We Th Fr Sa  
       1  2  3  4  5                  1  2   1  2  3  4  5  6  7  
 6  7  8  9 10 11 12   3  4  5  6  7  8  9   8  9 10 11 12 13 14  
13 14 15 16 17 18 19  10 11 12 13 14 15 16  15 16 17 18 19 20 21  
20 21 22 23 24 25 26  17 18 19 20 21 22 23  22 23 24 25 26 27 28  
27 28 29 30 31        24 25 26 27 28 29 30  29 30 31              
                                                                  
Connection closed by foreign host.
isx36579183@i11:~/Documents$ 


kill -10 (proceso de 24 Servidor) 9834



isx36579183@i11:~/Documents/ipc$ Connected by ('127.0.0.1', 38428)
Signal handler called with signal: 10
[('127.0.0.1', 38428)]



PARAMOS EL SERVIDOR

CUALQUIER SEÑAL QUE SE HAGA, SE PARA EL SERVIDOR.












---------------

EJERCICIO 25

Cliente


Servidor

1. Estar en un bucle while True (Infinito)

	2. Acepta conexiones.
	
	3. Fabricar un nombre.
	
	4. Abrir fichero
	
	5. Bucle
	
		6. Reciv
		
		7. Write
		
	8. Tanca file
	
	9. Tanca programa
	


¿Que hacer si no se buscar alguno?

Probar en una terminal el trozo de código, de los números.










---------------

CORRECIÓN EJERCICIO 25


>>> import time

>>> time.strftime("%Y%m%d-%H%M%S")
